// Jest Snapshot v1, https://goo.gl/fbAQLP

exports[`Loading should render a11y html 1`] = `
<main>
  <svg
    viewBox="0 0 16 16"
    xmlns="http://www.w3.org/2000/svg"
  >
    <g>
      <path
        d="M8 0a8 8 0 100 16A8 8 0 008 0zm0 14.227A6.227 6.227 0 118 1.773a6.227 6.227 0 010 12.454z"
        fill="currentColor"
        opacity=".2"
      />
      <path
        d="M11.11 2.611l.886-1.534A7.951 7.951 0 008 0v1.773c1.134 0 2.195.308 3.11.838z"
        fill="currentColor"
      >
        <animatetransform
          attributeName="transform"
          dur=".85s"
          from="0 8 8"
          repeatCount="indefinite"
          to="360 8 8"
          type="rotate"
        />
      </path>
    </g>
  </svg>
</main>
`;
