// Jest Snapshot v1, https://goo.gl/fbAQLP

exports[`DateTime.Validation should render 1`] = `
<Translate(DateTime.Validation)>
  <I18n
    bindI18n="languageChanged loaded"
    bindStore="added removed"
    i18n={Object {}}
    ns={
      Array [
        "tui-components",
      ]
    }
    nsMode="default"
    omitBoundRerender={true}
    translateFuncName="t"
    usePureComponent={false}
    wait={false}
    withRef={false}
  >
    <DateTime.Validation
      i18n={Object {}}
      lng="en"
      t={[Function]}
      tReady={false}
    >
      <div
        className="theme-validation"
      >
        <div
          className="theme-errors"
        >
          <ErrorMock
            errors={
              Array [
                Object {
                  "code": "INVALID_DATE_FORMAT",
                  "message": "INVALID_DATE_FORMAT",
                },
              ]
            }
            hidden={false}
            id="my-custom-input-error"
            key="input-errors"
          />
          <ErrorMock
            errors={
              Array [
                Object {
                  "code": "INVALID_HOUR",
                  "message": "INVALID_HOUR_EMPTY",
                },
              ]
            }
            hidden={true}
            id="my-custom-hours-error"
            key="hours-errors"
          />
          <ErrorMock
            errors={
              Array [
                Object {
                  "code": "INVALID_MINUTES",
                  "message": "INVALID_MINUTES_EMPTY",
                },
              ]
            }
            hidden={true}
            id="my-custom-minutes-error"
            key="minutes-errors"
          />
          <ErrorMock
            errors={
              Array [
                Object {
                  "code": "INVALID_SECONDS",
                  "message": "INVALID_SECONDS_EMPTY",
                },
              ]
            }
            hidden={true}
            id="my-custom-seconds-error"
            key="seconds-errors"
          />
        </div>
        <button
          aria-label="Validate the date picker value"
          className="btn btn-primary"
          name="action-datepicker-validate"
          role="button"
          type="submit"
        >
          Done
        </button>
      </div>
    </DateTime.Validation>
  </I18n>
</Translate(DateTime.Validation)>
`;
