// Jest Snapshot v1, https://goo.gl/fbAQLP

exports[`#DefaultBooleanCellRenderer should render DefaultBooleanCellRenderer 1`] = `
<div
  className="theme-td-header-component td-header-component"
>
  <button
    className="theme-td-header td-header"
    onClick={[Function]}
  >
    <div
      className="theme-td-header-first-line td-header-first-line"
    >
      <span
        className="theme-td-header-column-label td-header-column-label"
        title="Title"
      >
        Title
      </span>
      <span>
        ...
      </span>
    </div>
    <div>
      string
    </div>
  </button>
  <QualityBar
    empty={33}
    invalid={33}
    valid={34}
  />
</div>
`;
