exports[`Fieldset widget should render fieldset 1`] = `
<fieldset
  className="form-group">
  <legend>
    My fieldset
  </legend>
  <Widget
    schema={
      Object {
        "key": Array [
          "user",
          "firstname",
        ],
        "schema": Object {
          "type": "string",
        },
        "type": "text",
      }
    }
    widgets={Array []} />
  <Widget
    schema={
      Object {
        "key": Array [
          "user",
          "lastname",
        ],
        "schema": Object {
          "type": "string",
        },
        "type": "text",
      }
    }
    widgets={Array []} />
</fieldset>
`;
