// Jest Snapshot v1, https://goo.gl/fbAQLP

exports[`Datalist component in text display mode should render 1`] = `
<div
  class="form-group"
>
  <dt>
    <label
      class="control-label"
      for="my-datalist"
    >
      My List
    </label>
  </dt>
  <dd
    id="my-datalist"
  >
    Foo
  </dd>
</div>
`;
