// Jest Snapshot v1, https://goo.gl/fbAQLP

exports[`TabBar Container should render 1`] = `
<TabBar
  items={
    Array [
      Object {
        "id": "hello",
        "key": "awesomeKey",
        "label": "Hello",
      },
      Object {
        "id": "world",
        "key": "specialKey",
        "label": "WorLd",
      },
    ]
  }
  onSelect={[Function]}
  selectedKey="hello"
/>
`;
