// Jest Snapshot v1, https://goo.gl/fbAQLP

exports[`DateTimePicker should render 1`] = `
<div
  aria-label="Date picker"
  className="theme-container"
  tabIndex={0}
>
  <Translate(DateTimeView)
    allowFocus={true}
    calendar={
      Object {
        "monthIndex": 5,
        "year": 2018,
      }
    }
    onSelectDate={[Function]}
    onSelectMonthYear={[Function]}
    onSelectTime={[Function]}
    onTitleClick={[Function]}
    selectedDate={undefined}
    selectedTime={undefined}
    useSeconds={undefined}
    useTime={undefined}
  />
</div>
`;
