// Jest Snapshot v1, https://goo.gl/fbAQLP

exports[`getColumnDefs should returns the columns definitions 1`] = `
Array [
  Object {
    "headerComponent": [Function],
    "lockPosition": true,
    "pinned": "left",
    "valueGetter": [Function],
    "width": 100,
  },
  Object {
    "cellClassRules": Object {
      "column-focus": [Function],
      "highlighted": [Function],
    },
    "cellEditor": Object {
      "$$typeof": Symbol(react.forward_ref),
      "render": [Function],
    },
    "cellRenderer": [Function],
    "cellRendererParams": Object {
      "avro": Object {
        "doc": "Nom de la gare",
        "logicalType": undefined,
        "name": "field0",
        "semanticTypeId": "FR_COMMUNE",
        "semanticTypeLabel": "FR Commune",
        "talend.component.label": "Le nom de la gare",
        "type": "string",
        "typeLabel": "string",
      },
      "doc": "Nom de la gare",
      "logicalType": undefined,
      "name": "field0",
      "semanticTypeId": "FR_COMMUNE",
      "semanticTypeLabel": "FR Commune",
      "talend.component.label": "Le nom de la gare",
      "type": "string",
      "typeLabel": "string",
    },
    "field": "field0",
    "headerClass": [Function],
    "headerComponent": [Function],
    "headerComponentParams": Object {
      "avro": Object {
        "doc": "Nom de la gare",
        "logicalType": undefined,
        "name": "field0",
        "semanticTypeId": "FR_COMMUNE",
        "semanticTypeLabel": "FR Commune",
        "talend.component.label": "Le nom de la gare",
        "type": "string",
        "typeLabel": "string",
      },
      "doc": "Nom de la gare",
      "logicalType": undefined,
      "name": "field0",
      "quality": Object {
        "empty": 0,
        "invalid": 62,
        "valid": 38,
      },
      "required": false,
      "semanticTypeId": "FR_COMMUNE",
      "semanticTypeLabel": "FR Commune",
      "talend.component.label": "Le nom de la gare",
      "type": "string",
      "typeLabel": "string",
    },
    "headerName": "Nom de la gare",
    "minWidth": 30,
    "resizable": true,
    "valueGetter": [Function],
    "width": 150,
  },
  Object {
    "cellClassRules": Object {
      "column-focus": [Function],
      "highlighted": [Function],
    },
    "cellEditor": Object {
      "$$typeof": Symbol(react.forward_ref),
      "render": [Function],
    },
    "cellRenderer": [Function],
    "cellRendererParams": Object {
      "avro": Object {
        "doc": undefined,
        "name": "field1",
        "talend.component.label": undefined,
        "type": "int",
        "typeLabel": "int",
      },
      "doc": undefined,
      "name": "field1",
      "talend.component.label": undefined,
      "type": "int",
      "typeLabel": "int",
    },
    "field": "field1",
    "headerClass": [Function],
    "headerComponent": [Function],
    "headerComponentParams": Object {
      "avro": Object {
        "doc": undefined,
        "name": "field1",
        "talend.component.label": undefined,
        "type": "int",
        "typeLabel": "int",
      },
      "doc": undefined,
      "name": "field1",
      "quality": undefined,
      "required": false,
      "talend.component.label": undefined,
      "type": "int",
      "typeLabel": "int",
    },
    "headerName": "field1",
    "minWidth": 30,
    "resizable": true,
    "valueGetter": [Function],
    "width": 150,
  },
  Object {
    "cellClassRules": Object {
      "column-focus": [Function],
      "highlighted": [Function],
    },
    "cellEditor": Object {
      "$$typeof": Symbol(react.forward_ref),
      "render": [Function],
    },
    "cellRenderer": [Function],
    "cellRendererParams": Object {
      "avro": Object {
        "doc": "Code postal",
        "logicalType": undefined,
        "name": "field2",
        "semanticTypeId": "FR_POSTAL_CODE",
        "semanticTypeLabel": "FR Postal Code",
        "talend.component.label": "Le code postal",
        "type": "string",
        "typeLabel": "string",
      },
      "doc": "Code postal",
      "logicalType": undefined,
      "name": "field2",
      "semanticTypeId": "FR_POSTAL_CODE",
      "semanticTypeLabel": "FR Postal Code",
      "talend.component.label": "Le code postal",
      "type": "string",
      "typeLabel": "string",
    },
    "field": "field2",
    "headerClass": [Function],
    "headerComponent": [Function],
    "headerComponentParams": Object {
      "avro": Object {
        "doc": "Code postal",
        "logicalType": undefined,
        "name": "field2",
        "semanticTypeId": "FR_POSTAL_CODE",
        "semanticTypeLabel": "FR Postal Code",
        "talend.component.label": "Le code postal",
        "type": "string",
        "typeLabel": "string",
      },
      "doc": "Code postal",
      "logicalType": undefined,
      "name": "field2",
      "quality": Object {
        "empty": 2,
        "invalid": 10,
        "valid": 88,
      },
      "required": true,
      "semanticTypeId": "FR_POSTAL_CODE",
      "semanticTypeLabel": "FR Postal Code",
      "talend.component.label": "Le code postal",
      "type": "string",
      "typeLabel": "string",
    },
    "headerName": "Code postal",
    "minWidth": 30,
    "resizable": true,
    "valueGetter": [Function],
    "width": 150,
  },
  Object {
    "cellClassRules": Object {
      "column-focus": [Function],
      "highlighted": [Function],
    },
    "cellEditor": Object {
      "$$typeof": Symbol(react.forward_ref),
      "render": [Function],
    },
    "cellRenderer": [Function],
    "cellRendererParams": Object {
      "avro": Object {
        "doc": "Segmentation",
        "logicalType": undefined,
        "name": "field3",
        "semanticTypeId": "",
        "semanticTypeLabel": "",
        "talend.component.label": undefined,
        "type": "boolean",
        "typeLabel": "boolean",
      },
      "doc": "Segmentation",
      "logicalType": undefined,
      "name": "field3",
      "semanticTypeId": "",
      "semanticTypeLabel": "",
      "talend.component.label": undefined,
      "type": "boolean",
      "typeLabel": "boolean",
    },
    "field": "field3",
    "headerClass": [Function],
    "headerComponent": [Function],
    "headerComponentParams": Object {
      "avro": Object {
        "doc": "Segmentation",
        "logicalType": undefined,
        "name": "field3",
        "semanticTypeId": "",
        "semanticTypeLabel": "",
        "talend.component.label": undefined,
        "type": "boolean",
        "typeLabel": "boolean",
      },
      "doc": "Segmentation",
      "logicalType": undefined,
      "name": "field3",
      "quality": Object {
        "empty": 0,
        "invalid": 4,
        "valid": 96,
      },
      "required": true,
      "semanticTypeId": "",
      "semanticTypeLabel": "",
      "talend.component.label": undefined,
      "type": "boolean",
      "typeLabel": "boolean",
    },
    "headerName": "Segmentation",
    "minWidth": 30,
    "resizable": true,
    "valueGetter": [Function],
    "width": 150,
  },
  Object {
    "cellClassRules": Object {
      "column-focus": [Function],
      "highlighted": [Function],
    },
    "cellEditor": Object {
      "$$typeof": Symbol(react.forward_ref),
      "render": [Function],
    },
    "cellRenderer": [Function],
    "cellRendererParams": Object {
      "avro": Object {
        "doc": "Planned date",
        "logicalType": undefined,
        "name": "field4",
        "semanticTypeId": "",
        "semanticTypeLabel": "",
        "talend.component.label": undefined,
        "type": "date",
        "typeLabel": "date",
      },
      "doc": "Planned date",
      "logicalType": undefined,
      "name": "field4",
      "semanticTypeId": "",
      "semanticTypeLabel": "",
      "talend.component.label": undefined,
      "type": "date",
      "typeLabel": "date",
    },
    "field": "field4",
    "headerClass": [Function],
    "headerComponent": [Function],
    "headerComponentParams": Object {
      "avro": Object {
        "doc": "Planned date",
        "logicalType": undefined,
        "name": "field4",
        "semanticTypeId": "",
        "semanticTypeLabel": "",
        "talend.component.label": undefined,
        "type": "date",
        "typeLabel": "date",
      },
      "doc": "Planned date",
      "logicalType": undefined,
      "name": "field4",
      "quality": Object {
        "empty": 4,
        "invalid": 0,
        "valid": 96,
      },
      "required": true,
      "semanticTypeId": "",
      "semanticTypeLabel": "",
      "talend.component.label": undefined,
      "type": "date",
      "typeLabel": "date",
    },
    "headerName": "Planned date",
    "minWidth": 30,
    "resizable": true,
    "valueGetter": [Function],
    "width": 150,
  },
  Object {
    "cellClassRules": Object {
      "column-focus": [Function],
      "highlighted": [Function],
    },
    "cellEditor": Object {
      "$$typeof": Symbol(react.forward_ref),
      "render": [Function],
    },
    "cellRenderer": [Function],
    "cellRendererParams": Object {
      "avro": Object {
        "doc": "volume total d'usagers 2016 (voyageurs+ non voyageurs)",
        "logicalType": undefined,
        "name": "field5",
        "semanticTypeId": "",
        "semanticTypeLabel": "",
        "talend.component.label": undefined,
        "type": "unknown",
        "typeLabel": "unknown",
      },
      "doc": "volume total d'usagers 2016 (voyageurs+ non voyageurs)",
      "logicalType": undefined,
      "name": "field5",
      "semanticTypeId": "",
      "semanticTypeLabel": "",
      "talend.component.label": undefined,
      "type": "unknown",
      "typeLabel": "unknown",
    },
    "field": "field5",
    "headerClass": [Function],
    "headerComponent": [Function],
    "headerComponentParams": Object {
      "avro": Object {
        "doc": "volume total d'usagers 2016 (voyageurs+ non voyageurs)",
        "logicalType": undefined,
        "name": "field5",
        "semanticTypeId": "",
        "semanticTypeLabel": "",
        "talend.component.label": undefined,
        "type": "unknown",
        "typeLabel": "unknown",
      },
      "doc": "volume total d'usagers 2016 (voyageurs+ non voyageurs)",
      "logicalType": undefined,
      "name": "field5",
      "quality": Object {
        "empty": 4,
        "invalid": 0,
        "valid": 96,
      },
      "required": true,
      "semanticTypeId": "",
      "semanticTypeLabel": "",
      "talend.component.label": undefined,
      "type": "unknown",
      "typeLabel": "unknown",
    },
    "headerName": "volume total d'usagers 2016 (voyageurs+ non voyageurs)",
    "minWidth": 30,
    "resizable": true,
    "valueGetter": [Function],
    "width": 150,
  },
  Object {
    "cellClassRules": Object {
      "column-focus": [Function],
      "highlighted": [Function],
    },
    "cellEditor": Object {
      "$$typeof": Symbol(react.forward_ref),
      "render": [Function],
    },
    "cellRenderer": [Function],
    "cellRendererParams": Object {
      "avro": Object {
        "doc": "voyageurs 2015",
        "name": "field6",
        "talend.component.label": undefined,
        "type": "bytes",
        "typeLabel": "bytes",
      },
      "doc": "voyageurs 2015",
      "name": "field6",
      "talend.component.label": undefined,
      "type": "bytes",
      "typeLabel": "bytes",
    },
    "field": "field6",
    "headerClass": [Function],
    "headerComponent": [Function],
    "headerComponentParams": Object {
      "avro": Object {
        "doc": "voyageurs 2015",
        "name": "field6",
        "talend.component.label": undefined,
        "type": "bytes",
        "typeLabel": "bytes",
      },
      "doc": "voyageurs 2015",
      "name": "field6",
      "quality": undefined,
      "required": false,
      "talend.component.label": undefined,
      "type": "bytes",
      "typeLabel": "bytes",
    },
    "headerName": "voyageurs 2015",
    "minWidth": 30,
    "resizable": true,
    "valueGetter": [Function],
    "width": 150,
  },
  Object {
    "cellClassRules": Object {
      "column-focus": [Function],
      "highlighted": [Function],
    },
    "cellEditor": Object {
      "$$typeof": Symbol(react.forward_ref),
      "render": [Function],
    },
    "cellRenderer": [Function],
    "cellRendererParams": Object {
      "avro": Object {
        "doc": "volume total d'usagers 2015 (voyageurs+ non voyageurs)",
        "logicalType": undefined,
        "name": "field7",
        "semanticTypeId": "",
        "semanticTypeLabel": "",
        "talend.component.label": undefined,
        "type": "string",
        "typeLabel": "string",
      },
      "doc": "volume total d'usagers 2015 (voyageurs+ non voyageurs)",
      "logicalType": undefined,
      "name": "field7",
      "semanticTypeId": "",
      "semanticTypeLabel": "",
      "talend.component.label": undefined,
      "type": "string",
      "typeLabel": "string",
    },
    "field": "field7",
    "headerClass": [Function],
    "headerComponent": [Function],
    "headerComponentParams": Object {
      "avro": Object {
        "doc": "volume total d'usagers 2015 (voyageurs+ non voyageurs)",
        "logicalType": undefined,
        "name": "field7",
        "semanticTypeId": "",
        "semanticTypeLabel": "",
        "talend.component.label": undefined,
        "type": "string",
        "typeLabel": "string",
      },
      "doc": "volume total d'usagers 2015 (voyageurs+ non voyageurs)",
      "logicalType": undefined,
      "name": "field7",
      "quality": Object {
        "empty": 4,
        "invalid": 0,
        "valid": 96,
      },
      "required": true,
      "semanticTypeId": "",
      "semanticTypeLabel": "",
      "talend.component.label": undefined,
      "type": "string",
      "typeLabel": "string",
    },
    "headerName": "volume total d'usagers 2015 (voyageurs+ non voyageurs)",
    "minWidth": 30,
    "resizable": true,
    "valueGetter": [Function],
    "width": 150,
  },
  Object {
    "cellClassRules": Object {
      "column-focus": [Function],
      "highlighted": [Function],
    },
    "cellEditor": Object {
      "$$typeof": Symbol(react.forward_ref),
      "render": [Function],
    },
    "cellRenderer": [Function],
    "cellRendererParams": Object {
      "avro": Object {
        "doc": "voyageurs 2014",
        "logicalType": undefined,
        "name": "field8",
        "semanticTypeId": "",
        "semanticTypeLabel": "",
        "talend.component.label": undefined,
        "type": "string",
        "typeLabel": "string",
      },
      "doc": "voyageurs 2014",
      "logicalType": undefined,
      "name": "field8",
      "semanticTypeId": "",
      "semanticTypeLabel": "",
      "talend.component.label": undefined,
      "type": "string",
      "typeLabel": "string",
    },
    "field": "field8",
    "headerClass": [Function],
    "headerComponent": [Function],
    "headerComponentParams": Object {
      "avro": Object {
        "doc": "voyageurs 2014",
        "logicalType": undefined,
        "name": "field8",
        "semanticTypeId": "",
        "semanticTypeLabel": "",
        "talend.component.label": undefined,
        "type": "string",
        "typeLabel": "string",
      },
      "doc": "voyageurs 2014",
      "logicalType": undefined,
      "name": "field8",
      "quality": Object {
        "empty": 4,
        "invalid": 0,
        "valid": 96,
      },
      "required": true,
      "semanticTypeId": "",
      "semanticTypeLabel": "",
      "talend.component.label": undefined,
      "type": "string",
      "typeLabel": "string",
    },
    "headerName": "voyageurs 2014",
    "minWidth": 30,
    "resizable": true,
    "valueGetter": [Function],
    "width": 150,
  },
  Object {
    "cellClassRules": Object {
      "column-focus": [Function],
      "highlighted": [Function],
    },
    "cellEditor": Object {
      "$$typeof": Symbol(react.forward_ref),
      "render": [Function],
    },
    "cellRenderer": [Function],
    "cellRendererParams": Object {
      "avro": Object {
        "doc": "volume total d'usagers 2014 (voyageurs+ non voyageurs)",
        "logicalType": undefined,
        "name": "field9",
        "semanticTypeId": "",
        "semanticTypeLabel": "",
        "talend.component.label": undefined,
        "type": "string",
        "typeLabel": "string",
      },
      "doc": "volume total d'usagers 2014 (voyageurs+ non voyageurs)",
      "logicalType": undefined,
      "name": "field9",
      "semanticTypeId": "",
      "semanticTypeLabel": "",
      "talend.component.label": undefined,
      "type": "string",
      "typeLabel": "string",
    },
    "field": "field9",
    "headerClass": [Function],
    "headerComponent": [Function],
    "headerComponentParams": Object {
      "avro": Object {
        "doc": "volume total d'usagers 2014 (voyageurs+ non voyageurs)",
        "logicalType": undefined,
        "name": "field9",
        "semanticTypeId": "",
        "semanticTypeLabel": "",
        "talend.component.label": undefined,
        "type": "string",
        "typeLabel": "string",
      },
      "doc": "volume total d'usagers 2014 (voyageurs+ non voyageurs)",
      "logicalType": undefined,
      "name": "field9",
      "quality": Object {
        "empty": 4,
        "invalid": 0,
        "valid": 96,
      },
      "required": true,
      "semanticTypeId": "",
      "semanticTypeLabel": "",
      "talend.component.label": undefined,
      "type": "string",
      "typeLabel": "string",
    },
    "headerName": "volume total d'usagers 2014 (voyageurs+ non voyageurs)",
    "minWidth": 30,
    "resizable": true,
    "valueGetter": [Function],
    "width": 150,
  },
]
`;
