// Jest Snapshot v1, https://goo.gl/fbAQLP

exports[`BadgeNumberForm should mount a default badge 1`] = `
<BadgeNumberForm
  id="customId"
  onSubmit={[MockFunction]}
  t={[Function]}
/>
`;
