// Jest Snapshot v1, https://goo.gl/fbAQLP

exports[`ColumnsWidget should render 1`] = `
<div
  className="tf-widget-columns theme-columns"
>
  <TitleField
    id="undefined__title"
    title="A list of tasks"
  />
  <Column
    className="tf-column-columns"
    columnKey="columns"
    onBlur={[Function]}
    onChange={[Function]}
    schema={
      Object {
        "properties": Object {
          "column1": Object {
            "properties": Object {
              "field1": Object {
                "type": "string",
              },
              "field2": Object {
                "type": "string",
              },
            },
            "title": "Column 1",
            "type": "object",
          },
          "column2": Object {
            "properties": Object {
              "field3": Object {
                "type": "string",
              },
              "field4": Object {
                "type": "string",
              },
            },
            "title": "Column 2",
            "type": "object",
          },
          "column3": Object {
            "properties": Object {
              "field5": Object {
                "type": "string",
              },
              "field6": Object {
                "type": "string",
              },
            },
            "title": "Column 3",
            "type": "object",
          },
        },
        "type": "object",
      }
    }
  />
  <Column
    className="tf-column-fieldsColumns"
    columnKey="fieldsColumns"
    onBlur={[Function]}
    onChange={[Function]}
    schema={
      Object {
        "properties": Object {
          "fieldLeft": Object {
            "title": "Field Left",
            "type": "string",
          },
          "fieldRight": Object {
            "title": "Field Right",
            "type": "string",
          },
        },
        "title": "Column Fields",
        "type": "object",
      }
    }
  />
  <Column
    className="tf-column-readOnlyFieldsColumns"
    columnKey="readOnlyFieldsColumns"
    onBlur={[Function]}
    onChange={[Function]}
    schema={
      Object {
        "properties": Object {
          "fieldLeft": Object {
            "title": "Field Left",
            "type": "string",
          },
          "fieldRight": Object {
            "title": "Field Right",
            "type": "string",
          },
        },
        "title": "Read only Column Fields",
        "type": "object",
      }
    }
  />
</div>
`;
