// Jest Snapshot v1, https://goo.gl/fbAQLP

exports[`RowCheckBox should render a checked checkbox input by default 1`] = `"<div id=\\"my-div-desc\\" class=\\"tc-column-chooser-aria-hidden theme-tc-column-chooser-aria-hidden\\">this is my checkbox</div>"`;
