// Jest Snapshot v1, https://goo.gl/fbAQLP

exports[`BasicSearch should render the default html output with no badges 1`] = `
<div id="manager-id-basic-search"
     class="tc-basic-search theme-tc-basic-search"
>
  <div>
    <button id="manager-id-basic-search-action-overlay"
            aria-label="Add facets"
            type="button"
            class="btn btn-link"
    >
      <svg name="talend-plus-circle"
           class="theme-tc-svg-icon tc-svg-icon"
           focusable="false"
           aria-hidden="true"
      >
        <use xlink:href="#talend-plus-circle">
        </use>
      </svg>
    </button>
  </div>
</div>
`;

exports[`BasicSearch should render the default html output with some badges 1`] = `
<div id="manager-id-basic-search"
     class="tc-basic-search theme-tc-basic-search"
>
  <div>
    <button id="manager-id-basic-search-action-overlay"
            aria-label="Add facets"
            type="button"
            class="btn btn-link"
    >
      <svg name="talend-plus-circle"
           class="theme-tc-svg-icon tc-svg-icon"
           focusable="false"
           aria-hidden="true"
      >
        <use xlink:href="#talend-plus-circle">
        </use>
      </svg>
    </button>
  </div>
</div>
`;
