// Jest Snapshot v1, https://goo.gl/fbAQLP

exports[`TreeView should render the data 1`] = `
<TreeView
  addActionLabel="Add folder"
  childrenAttr="children"
  data={
    Immutable.List [
      Immutable.Map {
        id: 1,
        name: "foo",
        children: Array [],
      },
      Immutable.Map {
        id: 2,
        name: "bar",
        children: Array [],
      },
    ]
  }
  headerText="Folders"
  id="tc-treeview"
  idAttr="id"
  nameAttr="name"
  onSelect={[Function]}
  onToggle={[Function]}
  onToggleAllSiblings={[Function]}
  selectedId={undefined}
  structure={
    Array [
      Object {
        "children": Array [],
        "id": 1,
        "name": "foo",
        "parent": undefined,
        "toggled": false,
      },
      Object {
        "children": Array [],
        "id": 2,
        "name": "bar",
        "parent": undefined,
        "toggled": false,
      },
    ]
  }
/>
`;
