// Jest Snapshot v1, https://goo.gl/fbAQLP

exports[`Tag should render 1`] = `
<Tag>
  The lazy quick brown fox jumps over the lazy dog
</Tag>
`;
